---
source: src/app/render/mod.rs
expression: "render_to_string(&mut app, 80, 24)"
---
 🌶️   /projects/demo                                                            
  README.md                                                                     
  Cargo.toml                                                                    
  src                                                                           
  tests                                                                         
  docs                                                                          
  BUGS.md                                                                       
                                                                                
                                                                                
                                                                                
                                                                                
                                                                                
                                                                                
                                                                                
                                                                                
                                                                                
                                                                                
                                                                                
                                                                                
                                                                                
                                                                                
                                                                                
                                                                                
yanked 3 paths
